// Jest Snapshot v1, https://goo.gl/fbAQLP

exports[`Spinner 1`] = `
<div>
  Loading...
</div>
`;
